Step 0: Terraform init
[0m[1mInitializing the backend...[0m
[0m[1mInit[WARNING]: Ansible is being run in a world writable directory (/mnt/e/Summer
Internship 2025/AutoKube/ansible), ignoring it as an ansible.cfg source. For
more information see
https://docs.ansible.com/ansible/devel/reference_appendices/config.html#cfg-in-
world-writable-dir
[WARNING]: Found both group and host with same name: haproxy
[WARNING]: Found both group and host with same name: nfs
[WARNING]: Found both group and host with same name: harbor
les or backend configuration for Terraform,
rerun this command to reinitialize your working directory. If you forget, other
commands will detect it and remind you to do so if necessary.[0m
Done with Terraform init.
Step 1: Terraform apply

Terraform used the selected providers to generate the following execution
plan. Resource actions are indicated with the following symbols:
  [32m+[0m create[0m

Terraform will perform the following actions:

[1m  # proxmox_vm_qemu.haproxy[0][0m will be created
[0m  [32m+[0m[0m resource "proxmox_vm_qemu" "haproxy" {
      [32m+[0m[0m additional_wait        = 5
      [32m+[0m[0m agent                  = 1
      [32m+[0m[0m agent_timeout          = 90
      [32m+[0m[0m automatic_reboot       = true
      [32m+[0m[0m balloon                = 0
      [32m+[0m[0m bios                   = "seabios"
      [32m+[0m[0m boot                   = "c"
      [32m+[0m[0m bootdisk               = (known after apply)
      [32m+[0m[0m cipassword             = (sensitive value)
      [32m+[0m[0m ciupgrade              = false
      [32m+[0m[0m ciuser                 = "ubuntu"
      [32m+[0m[0m clone                  = "ubuntu-template"
      [32m+[0m[0m clone_wait             = 10
      [32m+[0m[0m current_node           = (known after apply)
      [32m+[0m[0m default_ipv4_address   = (known after apply)
      [32m+[0m[0m default_ipv6_address   = (known after apply)
      [32m+[0m[0m define_connection_info = true
      [32m+[0m[0m description            = "Managed by Terraform."
      [32m+[0m[0m force_create           = false
      [32m+[0m[0m full_clone             = true
      [32m+[0m[0m hotplug                = "network,disk,usb"
      [32m+[0m[0m id                     = (known after apply)
      [32m+[0m[0m ipconfig0              = "ip=10.110.188.99/24,gw=10.110.188.1"
      [32m+[0m[0m kvm                    = true
      [32m+[0m[0m linked_vmid            = (known after apply)
      [32m+[0m[0m memory                 = 4096
      [32m+[0m[0m name                   = "haproxy"
      [32m+[0m[0m onboot                 = false
      [32m+[0m[0m os_type                = "cloud-init"
      [32m+[0m[0m protection             = false
      [32m+[0m[0m reboot_required        = (known after apply)
      [32m+[0m[0m scsihw                 = "virtio-scsi-single"
      [32m+[0m[0m skip_ipv4              = false
      [32m+[0m[0m skip_ipv6              = false
      [32m+[0m[0m ssh_host               = (known after apply)
      [32m+[0m[0m ssh_port               = (known after apply)
      [32m+[0m[0m sshkeys                = <<-EOT
            ssh-rsa AAAAB3NzaC1yc2EAAAADAQABAAACAQCgsrXi1aeDVJGMtn9FH3zt1nv/qenpZTWakxo1CwEDxKqk97KmYIizF50JqQ7KNTPsLE1FarDjVQZnweo6zkqDQ3NSdiwJWJvgoPYn3MC8/LIdT38ojCWf8+SXbQhMUocuPOm69WaAh+SGWkFwDV6FgKHlvkSyk36Gg5pcCJu+xVHp1oNMfzHYf8See5Kh2mQtD+Zj+0mHcbjnsuZyEtr0H1gJq7LEnt1H1YcWPnJMxBGxMAjNwiZtHe/aYCZ3toOwfeuFt7ih/bjZt/LCgJTNxcn7+mCgZsY5ODuxG7zBXRTzwzQcuMIqaaFF44FGewf/JlIyZtnHbGWH+EFkVo5RVTud/1I3VzyTLLTc/klyMLM6s7VEZSPgREIyNdwrlIBuUIxLoP6Yz4rkwAU/C5oZAxkaClzCzfHiKrNM1boYu4/CMPD98vv2OgSNdECUo06xJMbFoE+gaLGMijHMNwGcwfuQo6zB+Vula182zrr/bJN3qQS6mj3q34uqnXavg7cmj44tD8zxr0tcbXGEqNNpDYJJ34m9iuwi0DtzQBnyBWP4aKfeOwrKNTeroL3+l2C/VsMcWxOeKl5w8dCJcKi9e/QiLs0zvjfskpng6d2Q+2nORR/fO85z/NncB16V9ILXrxUw+4lYMs67QTJORNV5C/CZPN0rybwgzv1eGIvH1Q== firascherif100@gmail.com
        EOT
      [32m+[0m[0m tablet                 = true
      [32m+[0m[0m target_node            = "proxmox"
      [32m+[0m[0m unused_disk            = (known after apply)
      [32m+[0m[0m vm_state               = "running"
      [32m+[0m[0m vmid                   = 100

      [32m+[0m[0m cpu {
          [32m+[0m[0m cores   = 2
          [32m+[0m[0m limit   = 0
          [32m+[0m[0m numa    = false
          [32m+[0m[0m sockets = 1
          [32m+[0m[0m type    = "host"
          [32m+[0m[0m units   = 0
          [32m+[0m[0m vcores  = 0
        }

      [32m+[0m[0m disk {
          [32m+[0m[0m backup               = true
          [32m+[0m[0m id                   = (known after apply)
          [32m+[0m[0m iops_r_burst         = 0
          [32m+[0m[0m iops_r_burst_length  = 0
          [32m+[0m[0m iops_r_concurrent    = 0
          [32m+[0m[0m iops_wr_burst        = 0
          [32m+[0m[0m iops_wr_burst_length = 0
          [32m+[0m[0m iops_wr_concurrent   = 0
          [32m+[0m[0m linked_disk_id       = (known after apply)
          [32m+[0m[0m mbps_r_burst         = 0
          [32m+[0m[0m mbps_r_concurrent    = 0
          [32m+[0m[0m mbps_wr_burst        = 0
          [32m+[0m[0m mbps_wr_concurrent   = 0
          [32m+[0m[0m passthrough          = false
          [32m+[0m[0m size                 = "50G"
          [32m+[0m[0m slot                 = "scsi0"
          [32m+[0m[0m storage              = "local-lvm"
          [32m+[0m[0m type                 = "disk"
        }
      [32m+[0m[0m disk {
          [32m+[0m[0m backup               = true
          [32m+[0m[0m id                   = (known after apply)
          [32m+[0m[0m iops_r_burst         = 0
          [32m+[0m[0m iops_r_burst_length  = 0
          [32m+[0m[0m iops_r_concurrent    = 0
          [32m+[0m[0m iops_wr_burst        = 0
          [32m+[0m[0m iops_wr_burst_length = 0
          [32m+[0m[0m iops_wr_concurrent   = 0
          [32m+[0m[0m linked_disk_id       = (known after apply)
          [32m+[0m[0m mbps_r_burst         = 0
          [32m+[0m[0m mbps_r_concurrent    = 0
          [32m+[0m[0m mbps_wr_burst        = 0
          [32m+[0m[0m mbps_wr_concurrent   = 0
          [32m+[0m[0m passthrough          = false
          [32m+[0m[0m size                 = (known after apply)
          [32m+[0m[0m slot                 = "ide2"
          [32m+[0m[0m storage              = "local-lvm"
          [32m+[0m[0m type                 = "cloudinit"
        }

      [32m+[0m[0m network {
          [32m+[0m[0m bridge    = "vmbr0"
          [32m+[0m[0m firewall  = false
          [32m+[0m[0m id        = 0
          [32m+[0m[0m link_down = false
          [32m+[0m[0m macaddr   = (known after apply)
          [32m+[0m[0m model     = "virtio"
        }

      [32m+[0m[0m smbios (known after apply)
    }

[1m  # proxmox_vm_qemu.harbor[0][0m will be created
[0m  [32m+[0m[0m resource "proxmox_vm_qemu" "harbor" {
      [32m+[0m[0m additional_wait        = 5
      [32m+[0m[0m agent                  = 1
      [32m+[0m[0m agent_timeout          = 90
      [32m+[0m[0m automatic_reboot       = true
      [32m+[0m[0m balloon                = 0
      [32m+[0m[0m bios                   = "seabios"
      [32m+[0m[0m boot                   = "c"
      [32m+[0m[0m bootdisk               = (known after apply)
      [32m+[0m[0m cipassword             = (sensitive value)
      [32m+[0m[0m ciupgrade              = false
      [32m+[0m[0m ciuser                 = "ubuntu"
      [32m+[0m[0m clone                  = "ubuntu-template"
      [32m+[0m[0m clone_wait             = 10
      [32m+[0m[0m current_node           = (known after apply)
      [32m+[0m[0m default_ipv4_address   = (known after apply)
      [32m+[0m[0m default_ipv6_address   = (known after apply)
      [32m+[0m[0m define_connection_info = true
      [32m+[0m[0m description            = "Managed by Terraform."
      [32m+[0m[0m force_create           = false
      [32m+[0m[0m full_clone             = true
      [32m+[0m[0m hotplug                = "network,disk,usb"
      [32m+[0m[0m id                     = (known after apply)
      [32m+[0m[0m ipconfig0              = "ip=10.110.188.77/24,gw=10.110.188.1"
      [32m+[0m[0m kvm                    = true
      [32m+[0m[0m linked_vmid            = (known after apply)
      [32m+[0m[0m memory                 = 8192
      [32m+[0m[0m name                   = "harbor"
      [32m+[0m[0m onboot                 = false
      [32m+[0m[0m os_type                = "cloud-init"
      [32m+[0m[0m protection             = false
      [32m+[0m[0m reboot_required        = (known after apply)
      [32m+[0m[0m scsihw                 = "virtio-scsi-single"
      [32m+[0m[0m skip_ipv4              = false
      [32m+[0m[0m skip_ipv6              = false
      [32m+[0m[0m ssh_host               = (known after apply)
      [32m+[0m[0m ssh_port               = (known after apply)
      [32m+[0m[0m sshkeys                = <<-EOT
            ssh-rsa AAAAB3NzaC1yc2EAAAADAQABAAACAQCgsrXi1aeDVJGMtn9FH3zt1nv/qenpZTWakxo1CwEDxKqk97KmYIizF50JqQ7KNTPsLE1FarDjVQZnweo6zkqDQ3NSdiwJWJvgoPYn3MC8/LIdT38ojCWf8+SXbQhMUocuPOm69WaAh+SGWkFwDV6FgKHlvkSyk36Gg5pcCJu+xVHp1oNMfzHYf8See5Kh2mQtD+Zj+0mHcbjnsuZyEtr0H1gJq7LEnt1H1YcWPnJMxBGxMAjNwiZtHe/aYCZ3toOwfeuFt7ih/bjZt/LCgJTNxcn7+mCgZsY5ODuxG7zBXRTzwzQcuMIqaaFF44FGewf/JlIyZtnHbGWH+EFkVo5RVTud/1I3VzyTLLTc/klyMLM6s7VEZSPgREIyNdwrlIBuUIxLoP6Yz4rkwAU/C5oZAxkaClzCzfHiKrNM1boYu4/CMPD98vv2OgSNdECUo06xJMbFoE+gaLGMijHMNwGcwfuQo6zB+Vula182zrr/bJN3qQS6mj3q34uqnXavg7cmj44tD8zxr0tcbXGEqNNpDYJJ34m9iuwi0DtzQBnyBWP4aKfeOwrKNTeroL3+l2C/VsMcWxOeKl5w8dCJcKi9e/QiLs0zvjfskpng6d2Q+2nORR/fO85z/NncB16V9ILXrxUw+4lYMs67QTJORNV5C/CZPN0rybwgzv1eGIvH1Q== firascherif100@gmail.com
        EOT
      [32m+[0m[0m tablet                 = true
      [32m+[0m[0m target_node            = "proxmox"
      [32m+[0m[0m unused_disk            = (known after apply)
      [32m+[0m[0m vm_state               = "running"
      [32m+[0m[0m vmid                   = 500

      [32m+[0m[0m cpu {
          [32m+[0m[0m cores   = 2
          [32m+[0m[0m limit   = 0
          [32m+[0m[0m numa    = false
          [32m+[0m[0m sockets = 1
          [32m+[0m[0m type    = "host"
          [32m+[0m[0m units   = 0
          [32m+[0m[0m vcores  = 0
        }

      [32m+[0m[0m disk {
          [32m+[0m[0m backup               = true
          [32m+[0m[0m id                   = (known after apply)
          [32m+[0m[0m iops_r_burst         = 0
          [32m+[0m[0m iops_r_burst_length  = 0
          [32m+[0m[0m iops_r_concurrent    = 0
          [32m+[0m[0m iops_wr_burst        = 0
          [32m+[0m[0m iops_wr_burst_length = 0
          [32m+[0m[0m iops_wr_concurrent   = 0
          [32m+[0m[0m linked_disk_id       = (known after apply)
          [32m+[0m[0m mbps_r_burst         = 0
          [32m+[0m[0m mbps_r_concurrent    = 0
          [32m+[0m[0m mbps_wr_burst        = 0
          [32m+[0m[0m mbps_wr_concurrent   = 0
          [32m+[0m[0m passthrough          = false
          [32m+[0m[0m size                 = "50G"
          [32m+[0m[0m slot                 = "scsi0"
          [32m+[0m[0m storage              = "local-lvm"
          [32m+[0m[0m type                 = "disk"
        }
      [32m+[0m[0m disk {
          [32m+[0m[0m backup               = true
          [32m+[0m[0m id                   = (known after apply)
          [32m+[0m[0m iops_r_burst         = 0
          [32m+[0m[0m iops_r_burst_length  = 0
          [32m+[0m[0m iops_r_concurrent    = 0
          [32m+[0m[0m iops_wr_burst        = 0
          [32m+[0m[0m iops_wr_burst_length = 0
          [32m+[0m[0m iops_wr_concurrent   = 0
          [32m+[0m[0m linked_disk_id       = (known after apply)
          [32m+[0m[0m mbps_r_burst         = 0
          [32m+[0m[0m mbps_r_concurrent    = 0
          [32m+[0m[0m mbps_wr_burst        = 0
          [32m+[0m[0m mbps_wr_concurrent   = 0
          [32m+[0m[0m passthrough          = false
          [32m+[0m[0m size                 = (known after apply)
          [32m+[0m[0m slot                 = "ide2"
          [32m+[0m[0m storage              = "local-lvm"
          [32m+[0m[0m type                 = "cloudinit"
        }

      [32m+[0m[0m network {
          [32m+[0m[0m bridge    = "vmbr0"
          [32m+[0m[0m firewall  = false
          [32m+[0m[0m id        = 0
          [32m+[0m[0m link_down = false
          [32m+[0m[0m macaddr   = (known after apply)
          [32m+[0m[0m model     = "virtio"
        }

      [32m+[0m[0m smbios (known after apply)
    }

[1m  # proxmox_vm_qemu.k8s_masters["master-1"][0m will be created
[0m  [32m+[0m[0m resource "proxmox_vm_qemu" "k8s_masters" {
      [32m+[0m[0m additional_wait        = 5
      [32m+[0m[0m agent                  = 1
      [32m+[0m[0m agent_timeout          = 90
      [32m+[0m[0m automatic_reboot       = true
      [32m+[0m[0m balloon                = 0
      [32m+[0m[0m bios                   = "seabios"
      [32m+[0m[0m boot                   = "c"
      [32m+[0m[0m bootdisk               = (known after apply)
      [32m+[0m[0m cipassword             = (sensitive value)
      [32m+[0m[0m ciupgrade              = false
      [32m+[0m[0m ciuser                 = "ubuntu"
      [32m+[0m[0m clone                  = "ubuntu-template"
      [32m+[0m[0m clone_wait             = 10
      [32m+[0m[0m current_node           = (known after apply)
      [32m+[0m[0m default_ipv4_address   = (known after apply)
      [32m+[0m[0m default_ipv6_address   = (known after apply)
      [32m+[0m[0m define_connection_info = true
      [32m+[0m[0m description            = "Managed by Terraform."
      [32m+[0m[0m force_create           = false
      [32m+[0m[0m full_clone             = true
      [32m+[0m[0m hotplug                = "network,disk,usb"
      [32m+[0m[0m id                     = (known after apply)
      [32m+[0m[0m ipconfig0              = "ip=10.110.188.11/24,gw=10.110.188.1"
      [32m+[0m[0m kvm                    = true
      [32m+[0m[0m linked_vmid            = (known after apply)
      [32m+[0m[0m memory                 = 4096
      [32m+[0m[0m name                   = "master-1"
      [32m+[0m[0m onboot                 = false
      [32m+[0m[0m os_type                = "cloud-init"
      [32m+[0m[0m protection             = false
      [32m+[0m[0m reboot_required        = (known after apply)
      [32m+[0m[0m scsihw                 = "virtio-scsi-single"
      [32m+[0m[0m skip_ipv4              = false
      [32m+[0m[0m skip_ipv6              = false
      [32m+[0m[0m ssh_host               = (known after apply)
      [32m+[0m[0m ssh_port               = (known after apply)
      [32m+[0m[0m sshkeys                = <<-EOT
            ssh-rsa AAAAB3NzaC1yc2EAAAADAQABAAACAQCgsrXi1aeDVJGMtn9FH3zt1nv/qenpZTWakxo1CwEDxKqk97KmYIizF50JqQ7KNTPsLE1FarDjVQZnweo6zkqDQ3NSdiwJWJvgoPYn3MC8/LIdT38ojCWf8+SXbQhMUocuPOm69WaAh+SGWkFwDV6FgKHlvkSyk36Gg5pcCJu+xVHp1oNMfzHYf8See5Kh2mQtD+Zj+0mHcbjnsuZyEtr0H1gJq7LEnt1H1YcWPnJMxBGxMAjNwiZtHe/aYCZ3toOwfeuFt7ih/bjZt/LCgJTNxcn7+mCgZsY5ODuxG7zBXRTzwzQcuMIqaaFF44FGewf/JlIyZtnHbGWH+EFkVo5RVTud/1I3VzyTLLTc/klyMLM6s7VEZSPgREIyNdwrlIBuUIxLoP6Yz4rkwAU/C5oZAxkaClzCzfHiKrNM1boYu4/CMPD98vv2OgSNdECUo06xJMbFoE+gaLGMijHMNwGcwfuQo6zB+Vula182zrr/bJN3qQS6mj3q34uqnXavg7cmj44tD8zxr0tcbXGEqNNpDYJJ34m9iuwi0DtzQBnyBWP4aKfeOwrKNTeroL3+l2C/VsMcWxOeKl5w8dCJcKi9e/QiLs0zvjfskpng6d2Q+2nORR/fO85z/NncB16V9ILXrxUw+4lYMs67QTJORNV5C/CZPN0rybwgzv1eGIvH1Q== firascherif100@gmail.com
        EOT
      [32m+[0m[0m tablet                 = true
      [32m+[0m[0m target_node            = "proxmox"
      [32m+[0m[0m unused_disk            = (known after apply)
      [32m+[0m[0m vm_state               = "running"
      [32m+[0m[0m vmid                   = 300

      [32m+[0m[0m cpu {
          [32m+[0m[0m cores   = 4
          [32m+[0m[0m limit   = 0
          [32m+[0m[0m numa    = false
          [32m+[0m[0m sockets = 1
          [32m+[0m[0m type    = "host"
          [32m+[0m[0m units   = 0
          [32m+[0m[0m vcores  = 0
        }

      [32m+[0m[0m disk {
          [32m+[0m[0m backup               = true
          [32m+[0m[0m id                   = (known after apply)
          [32m+[0m[0m iops_r_burst         = 0
          [32m+[0m[0m iops_r_burst_length  = 0
          [32m+[0m[0m iops_r_concurrent    = 0
          [32m+[0m[0m iops_wr_burst        = 0
          [32m+[0m[0m iops_wr_burst_length = 0
          [32m+[0m[0m iops_wr_concurrent   = 0
          [32m+[0m[0m linked_disk_id       = (known after apply)
          [32m+[0m[0m mbps_r_burst         = 0
          [32m+[0m[0m mbps_r_concurrent    = 0
          [32m+[0m[0m mbps_wr_burst        = 0
          [32m+[0m[0m mbps_wr_concurrent   = 0
          [32m+[0m[0m passthrough          = false
          [32m+[0m[0m size                 = "50G"
          [32m+[0m[0m slot                 = "scsi0"
          [32m+[0m[0m storage              = "local-lvm"
          [32m+[0m[0m type                 = "disk"
        }
      [32m+[0m[0m disk {
          [32m+[0m[0m backup               = true
          [32m+[0m[0m id                   = (known after apply)
          [32m+[0m[0m iops_r_burst         = 0
          [32m+[0m[0m iops_r_burst_length  = 0
          [32m+[0m[0m iops_r_concurrent    = 0
          [32m+[0m[0m iops_wr_burst        = 0
          [32m+[0m[0m iops_wr_burst_length = 0
          [32m+[0m[0m iops_wr_concurrent   = 0
          [32m+[0m[0m linked_disk_id       = (known after apply)
          [32m+[0m[0m mbps_r_burst         = 0
          [32m+[0m[0m mbps_r_concurrent    = 0
          [32m+[0m[0m mbps_wr_burst        = 0
          [32m+[0m[0m mbps_wr_concurrent   = 0
          [32m+[0m[0m passthrough          = false
          [32m+[0m[0m size                 = (known after apply)
          [32m+[0m[0m slot                 = "ide2"
          [32m+[0m[0m storage              = "local-lvm"
          [32m+[0m[0m type                 = "cloudinit"
        }

      [32m+[0m[0m network {
          [32m+[0m[0m bridge    = "vmbr0"
          [32m+[0m[0m firewall  = false
          [32m+[0m[0m id        = 0
          [32m+[0m[0m link_down = false
          [32m+[0m[0m macaddr   = (known after apply)
          [32m+[0m[0m model     = "virtio"
        }

      [32m+[0m[0m smbios (known after apply)
    }

[1m  # proxmox_vm_qemu.k8s_masters["master-2"][0m will be created
[0m  [32m+[0m[0m resource "proxmox_vm_qemu" "k8s_masters" {
      [32m+[0m[0m additional_wait        = 5
      [32m+[0m[0m agent                  = 1
      [32m+[0m[0m agent_timeout          = 90
      [32m+[0m[0m automatic_reboot       = true
      [32m+[0m[0m balloon                = 0
      [32m+[0m[0m bios                   = "seabios"
      [32m+[0m[0m boot                   = "c"
      [32m+[0m[0m bootdisk               = (known after apply)
      [32m+[0m[0m cipassword             = (sensitive value)
      [32m+[0m[0m ciupgrade              = false
      [32m+[0m[0m ciuser                 = "ubuntu"
      [32m+[0m[0m clone                  = "ubuntu-template"
      [32m+[0m[0m clone_wait             = 10
      [32m+[0m[0m current_node           = (known after apply)
      [32m+[0m[0m default_ipv4_address   = (known after apply)
      [32m+[0m[0m default_ipv6_address   = (known after apply)
      [32m+[0m[0m define_connection_info = true
      [32m+[0m[0m description            = "Managed by Terraform."
      [32m+[0m[0m force_create           = false
      [32m+[0m[0m full_clone             = true
      [32m+[0m[0m hotplug                = "network,disk,usb"
      [32m+[0m[0m id                     = (known after apply)
      [32m+[0m[0m ipconfig0              = "ip=10.110.188.12/24,gw=10.110.188.1"
      [32m+[0m[0m kvm                    = true
      [32m+[0m[0m linked_vmid            = (known after apply)
      [32m+[0m[0m memory                 = 4096
      [32m+[0m[0m name                   = "master-2"
      [32m+[0m[0m onboot                 = false
      [32m+[0m[0m os_type                = "cloud-init"
      [32m+[0m[0m protection             = false
      [32m+[0m[0m reboot_required        = (known after apply)
      [32m+[0m[0m scsihw                 = "virtio-scsi-single"
      [32m+[0m[0m skip_ipv4              = false
      [32m+[0m[0m skip_ipv6              = false
      [32m+[0m[0m ssh_host               = (known after apply)
      [32m+[0m[0m ssh_port               = (known after apply)
      [32m+[0m[0m sshkeys                = <<-EOT
            ssh-rsa AAAAB3NzaC1yc2EAAAADAQABAAACAQCgsrXi1aeDVJGMtn9FH3zt1nv/qenpZTWakxo1CwEDxKqk97KmYIizF50JqQ7KNTPsLE1FarDjVQZnweo6zkqDQ3NSdiwJWJvgoPYn3MC8/LIdT38ojCWf8+SXbQhMUocuPOm69WaAh+SGWkFwDV6FgKHlvkSyk36Gg5pcCJu+xVHp1oNMfzHYf8See5Kh2mQtD+Zj+0mHcbjnsuZyEtr0H1gJq7LEnt1H1YcWPnJMxBGxMAjNwiZtHe/aYCZ3toOwfeuFt7ih/bjZt/LCgJTNxcn7+mCgZsY5ODuxG7zBXRTzwzQcuMIqaaFF44FGewf/JlIyZtnHbGWH+EFkVo5RVTud/1I3VzyTLLTc/klyMLM6s7VEZSPgREIyNdwrlIBuUIxLoP6Yz4rkwAU/C5oZAxkaClzCzfHiKrNM1boYu4/CMPD98vv2OgSNdECUo06xJMbFoE+gaLGMijHMNwGcwfuQo6zB+Vula182zrr/bJN3qQS6mj3q34uqnXavg7cmj44tD8zxr0tcbXGEqNNpDYJJ34m9iuwi0DtzQBnyBWP4aKfeOwrKNTeroL3+l2C/VsMcWxOeKl5w8dCJcKi9e/QiLs0zvjfskpng6d2Q+2nORR/fO85z/NncB16V9ILXrxUw+4lYMs67QTJORNV5C/CZPN0rybwgzv1eGIvH1Q== firascherif100@gmail.com
        EOT
      [32m+[0m[0m tablet                 = true
      [32m+[0m[0m target_node            = "proxmox"
      [32m+[0m[0m unused_disk            = (known after apply)
      [32m+[0m[0m vm_state               = "running"
      [32m+[0m[0m vmid                   = 301

      [32m+[0m[0m cpu {
          [32m+[0m[0m cores   = 4
          [32m+[0m[0m limit   = 0
          [32m+[0m[0m numa    = false
          [32m+[0m[0m sockets = 1
          [32m+[0m[0m type    = "host"
          [32m+[0m[0m units   = 0
          [32m+[0m[0m vcores  = 0
        }

      [32m+[0m[0m disk {
          [32m+[0m[0m backup               = true
          [32m+[0m[0m id                   = (known after apply)
          [32m+[0m[0m iops_r_burst         = 0
          [32m+[0m[0m iops_r_burst_length  = 0
          [32m+[0m[0m iops_r_concurrent    = 0
          [32m+[0m[0m iops_wr_burst        = 0
          [32m+[0m[0m iops_wr_burst_length = 0
          [32m+[0m[0m iops_wr_concurrent   = 0
          [32m+[0m[0m linked_disk_id       = (known after apply)
          [32m+[0m[0m mbps_r_burst         = 0
          [32m+[0m[0m mbps_r_concurrent    = 0
          [32m+[0m[0m mbps_wr_burst        = 0
          [32m+[0m[0m mbps_wr_concurrent   = 0
          [32m+[0m[0m passthrough          = false
          [32m+[0m[0m size                 = "50G"
          [32m+[0m[0m slot                 = "scsi0"
          [32m+[0m[0m storage              = "local-lvm"
          [32m+[0m[0m type                 = "disk"
        }
      [32m+[0m[0m disk {
          [32m+[0m[0m backup               = true
          [32m+[0m[0m id                   = (known after apply)
          [32m+[0m[0m iops_r_burst         = 0
          [32m+[0m[0m iops_r_burst_length  = 0
          [32m+[0m[0m iops_r_concurrent    = 0
          [32m+[0m[0m iops_wr_burst        = 0
          [32m+[0m[0m iops_wr_burst_length = 0
          [32m+[0m[0m iops_wr_concurrent   = 0
          [32m+[0m[0m linked_disk_id       = (known after apply)
          [32m+[0m[0m mbps_r_burst         = 0
          [32m+[0m[0m mbps_r_concurrent    = 0
          [32m+[0m[0m mbps_wr_burst        = 0
          [32m+[0m[0m mbps_wr_concurrent   = 0
          [32m+[0m[0m passthrough          = false
          [32m+[0m[0m size                 = (known after apply)
          [32m+[0m[0m slot                 = "ide2"
          [32m+[0m[0m storage              = "local-lvm"
          [32m+[0m[0m type                 = "cloudinit"
        }

      [32m+[0m[0m network {
          [32m+[0m[0m bridge    = "vmbr0"
          [32m+[0m[0m firewall  = false
          [32m+[0m[0m id        = 0
          [32m+[0m[0m link_down = false
          [32m+[0m[0m macaddr   = (known after apply)
          [32m+[0m[0m model     = "virtio"
        }

      [32m+[0m[0m smbios (known after apply)
    }

[1m  # proxmox_vm_qemu.k8s_masters["master-3"][0m will be created
[0m  [32m+[0m[0m resource "proxmox_vm_qemu" "k8s_masters" {
      [32m+[0m[0m additional_wait        = 5
      [32m+[0m[0m agent                  = 1
      [32m+[0m[0m agent_timeout          = 90
      [32m+[0m[0m automatic_reboot       = true
      [32m+[0m[0m balloon                = 0
      [32m+[0m[0m bios                   = "seabios"
      [32m+[0m[0m boot                   = "c"
      [32m+[0m[0m bootdisk               = (known after apply)
      [32m+[0m[0m cipassword             = (sensitive value)
      [32m+[0m[0m ciupgrade              = false
      [32m+[0m[0m ciuser                 = "ubuntu"
      [32m+[0m[0m clone                  = "ubuntu-template"
      [32m+[0m[0m clone_wait             = 10
      [32m+[0m[0m current_node           = (known after apply)
      [32m+[0m[0m default_ipv4_address   = (known after apply)
      [32m+[0m[0m default_ipv6_address   = (known after apply)
      [32m+[0m[0m define_connection_info = true
      [32m+[0m[0m description            = "Managed by Terraform."
      [32m+[0m[0m force_create           = false
      [32m+[0m[0m full_clone             = true
      [32m+[0m[0m hotplug                = "network,disk,usb"
      [32m+[0m[0m id                     = (known after apply)
      [32m+[0m[0m ipconfig0              = "ip=10.110.188.13/24,gw=10.110.188.1"
      [32m+[0m[0m kvm                    = true
      [32m+[0m[0m linked_vmid            = (known after apply)
      [32m+[0m[0m memory                 = 4096
      [32m+[0m[0m name                   = "master-3"
      [32m+[0m[0m onboot                 = false
      [32m+[0m[0m os_type                = "cloud-init"
      [32m+[0m[0m protection             = false
      [32m+[0m[0m reboot_required        = (known after apply)
      [32m+[0m[0m scsihw                 = "virtio-scsi-single"
      [32m+[0m[0m skip_ipv4              = false
      [32m+[0m[0m skip_ipv6              = false
      [32m+[0m[0m ssh_host               = (known after apply)
      [32m+[0m[0m ssh_port               = (known after apply)
      [32m+[0m[0m sshkeys                = <<-EOT
            ssh-rsa AAAAB3NzaC1yc2EAAAADAQABAAACAQCgsrXi1aeDVJGMtn9FH3zt1nv/qenpZTWakxo1CwEDxKqk97KmYIizF50JqQ7KNTPsLE1FarDjVQZnweo6zkqDQ3NSdiwJWJvgoPYn3MC8/LIdT38ojCWf8+SXbQhMUocuPOm69WaAh+SGWkFwDV6FgKHlvkSyk36Gg5pcCJu+xVHp1oNMfzHYf8See5Kh2mQtD+Zj+0mHcbjnsuZyEtr0H1gJq7LEnt1H1YcWPnJMxBGxMAjNwiZtHe/aYCZ3toOwfeuFt7ih/bjZt/LCgJTNxcn7+mCgZsY5ODuxG7zBXRTzwzQcuMIqaaFF44FGewf/JlIyZtnHbGWH+EFkVo5RVTud/1I3VzyTLLTc/klyMLM6s7VEZSPgREIyNdwrlIBuUIxLoP6Yz4rkwAU/C5oZAxkaClzCzfHiKrNM1boYu4/CMPD98vv2OgSNdECUo06xJMbFoE+gaLGMijHMNwGcwfuQo6zB+Vula182zrr/bJN3qQS6mj3q34uqnXavg7cmj44tD8zxr0tcbXGEqNNpDYJJ34m9iuwi0DtzQBnyBWP4aKfeOwrKNTeroL3+l2C/VsMcWxOeKl5w8dCJcKi9e/QiLs0zvjfskpng6d2Q+2nORR/fO85z/NncB16V9ILXrxUw+4lYMs67QTJORNV5C/CZPN0rybwgzv1eGIvH1Q== firascherif100@gmail.com
        EOT
      [32m+[0m[0m tablet                 = true
      [32m+[0m[0m target_node            = "proxmox"
      [32m+[0m[0m unused_disk            = (known after apply)
      [32m+[0m[0m vm_state               = "running"
      [32m+[0m[0m vmid                   = 302

      [32m+[0m[0m cpu {
          [32m+[0m[0m cores   = 4
          [32m+[0m[0m limit   = 0
          [32m+[0m[0m numa    = false
          [32m+[0m[0m sockets = 1
          [32m+[0m[0m type    = "host"
          [32m+[0m[0m units   = 0
          [32m+[0m[0m vcores  = 0
        }

      [32m+[0m[0m disk {
          [32m+[0m[0m backup               = true
          [32m+[0m[0m id                   = (known after apply)
          [32m+[0m[0m iops_r_burst         = 0
          [32m+[0m[0m iops_r_burst_length  = 0
          [32m+[0m[0m iops_r_concurrent    = 0
          [32m+[0m[0m iops_wr_burst        = 0
          [32m+[0m[0m iops_wr_burst_length = 0
          [32m+[0m[0m iops_wr_concurrent   = 0
          [32m+[0m[0m linked_disk_id       = (known after apply)
          [32m+[0m[0m mbps_r_burst         = 0
          [32m+[0m[0m mbps_r_concurrent    = 0
          [32m+[0m[0m mbps_wr_burst        = 0
          [32m+[0m[0m mbps_wr_concurrent   = 0
          [32m+[0m[0m passthrough          = false
          [32m+[0m[0m size                 = "50G"
          [32m+[0m[0m slot                 = "scsi0"
          [32m+[0m[0m storage              = "local-lvm"
          [32m+[0m[0m type                 = "disk"
        }
      [32m+[0m[0m disk {
          [32m+[0m[0m backup               = true
          [32m+[0m[0m id                   = (known after apply)
          [32m+[0m[0m iops_r_burst         = 0
          [32m+[0m[0m iops_r_burst_length  = 0
          [32m+[0m[0m iops_r_concurrent    = 0
          [32m+[0m[0m iops_wr_burst        = 0
          [32m+[0m[0m iops_wr_burst_length = 0
          [32m+[0m[0m iops_wr_concurrent   = 0
          [32m+[0m[0m linked_disk_id       = (known after apply)
          [32m+[0m[0m mbps_r_burst         = 0
          [32m+[0m[0m mbps_r_concurrent    = 0
          [32m+[0m[0m mbps_wr_burst        = 0
          [32m+[0m[0m mbps_wr_concurrent   = 0
          [32m+[0m[0m passthrough          = false
          [32m+[0m[0m size                 = (known after apply)
          [32m+[0m[0m slot                 = "ide2"
          [32m+[0m[0m storage              = "local-lvm"
          [32m+[0m[0m type                 = "cloudinit"
        }

      [32m+[0m[0m network {
          [32m+[0m[0m bridge    = "vmbr0"
          [32m+[0m[0m firewall  = false
          [32m+[0m[0m id        = 0
          [32m+[0m[0m link_down = false
          [32m+[0m[0m macaddr   = (known after apply)
          [32m+[0m[0m model     = "virtio"
        }

      [32m+[0m[0m smbios (known after apply)
    }

[1m  # proxmox_vm_qemu.k8s_workers["worker-1"][0m will be created
[0m  [32m+[0m[0m resource "proxmox_vm_qemu" "k8s_workers" {
      [32m+[0m[0m additional_wait        = 5
      [32m+[0m[0m agent                  = 1
      [32m+[0m[0m agent_timeout          = 90
      [32m+[0m[0m automatic_reboot       = true
      [32m+[0m[0m balloon                = 0
      [32m+[0m[0m bios                   = "seabios"
      [32m+[0m[0m boot                   = "c"
      [32m+[0m[0m bootdisk               = (known after apply)
      [32m+[0m[0m cipassword             = (sensitive value)
      [32m+[0m[0m ciupgrade              = false
      [32m+[0m[0m ciuser                 = "ubuntu"
      [32m+[0m[0m clone                  = "ubuntu-template"
      [32m+[0m[0m clone_wait             = 10
      [32m+[0m[0m current_node           = (known after apply)
      [32m+[0m[0m default_ipv4_address   = (known after apply)
      [32m+[0m[0m default_ipv6_address   = (known after apply)
      [32m+[0m[0m define_connection_info = true
      [32m+[0m[0m description            = "Managed by Terraform."
      [32m+[0m[0m force_create           = false
      [32m+[0m[0m full_clone             = true
      [32m+[0m[0m hotplug                = "network,disk,usb"
      [32m+[0m[0m id                     = (known after apply)
      [32m+[0m[0m ipconfig0              = "ip=10.110.188.21/24,gw=10.110.188.1"
      [32m+[0m[0m kvm                    = true
      [32m+[0m[0m linked_vmid            = (known after apply)
      [32m+[0m[0m memory                 = 8192
      [32m+[0m[0m name                   = "worker-1"
      [32m+[0m[0m onboot                 = false
      [32m+[0m[0m os_type                = "cloud-init"
      [32m+[0m[0m protection             = false
      [32m+[0m[0m reboot_required        = (known after apply)
      [32m+[0m[0m scsihw                 = "virtio-scsi-single"
      [32m+[0m[0m skip_ipv4              = false
      [32m+[0m[0m skip_ipv6              = false
      [32m+[0m[0m ssh_host               = (known after apply)
      [32m+[0m[0m ssh_port               = (known after apply)
      [32m+[0m[0m sshkeys                = <<-EOT
            ssh-rsa AAAAB3NzaC1yc2EAAAADAQABAAACAQCgsrXi1aeDVJGMtn9FH3zt1nv/qenpZTWakxo1CwEDxKqk97KmYIizF50JqQ7KNTPsLE1FarDjVQZnweo6zkqDQ3NSdiwJWJvgoPYn3MC8/LIdT38ojCWf8+SXbQhMUocuPOm69WaAh+SGWkFwDV6FgKHlvkSyk36Gg5pcCJu+xVHp1oNMfzHYf8See5Kh2mQtD+Zj+0mHcbjnsuZyEtr0H1gJq7LEnt1H1YcWPnJMxBGxMAjNwiZtHe/aYCZ3toOwfeuFt7ih/bjZt/LCgJTNxcn7+mCgZsY5ODuxG7zBXRTzwzQcuMIqaaFF44FGewf/JlIyZtnHbGWH+EFkVo5RVTud/1I3VzyTLLTc/klyMLM6s7VEZSPgREIyNdwrlIBuUIxLoP6Yz4rkwAU/C5oZAxkaClzCzfHiKrNM1boYu4/CMPD98vv2OgSNdECUo06xJMbFoE+gaLGMijHMNwGcwfuQo6zB+Vula182zrr/bJN3qQS6mj3q34uqnXavg7cmj44tD8zxr0tcbXGEqNNpDYJJ34m9iuwi0DtzQBnyBWP4aKfeOwrKNTeroL3+l2C/VsMcWxOeKl5w8dCJcKi9e/QiLs0zvjfskpng6d2Q+2nORR/fO85z/NncB16V9ILXrxUw+4lYMs67QTJORNV5C/CZPN0rybwgzv1eGIvH1Q== firascherif100@gmail.com
        EOT
      [32m+[0m[0m tablet                 = true
      [32m+[0m[0m target_node            = "proxmox"
      [32m+[0m[0m unused_disk            = (known after apply)
      [32m+[0m[0m vm_state               = "running"
      [32m+[0m[0m vmid                   = 400

      [32m+[0m[0m cpu {
          [32m+[0m[0m cores   = 4
          [32m+[0m[0m limit   = 0
          [32m+[0m[0m numa    = false
          [32m+[0m[0m sockets = 1
          [32m+[0m[0m type    = "host"
          [32m+[0m[0m units   = 0
          [32m+[0m[0m vcores  = 0
        }

      [32m+[0m[0m disk {
          [32m+[0m[0m backup               = true
          [32m+[0m[0m id                   = (known after apply)
          [32m+[0m[0m iops_r_burst         = 0
          [32m+[0m[0m iops_r_burst_length  = 0
          [32m+[0m[0m iops_r_concurrent    = 0
          [32m+[0m[0m iops_wr_burst        = 0
          [32m+[0m[0m iops_wr_burst_length = 0
          [32m+[0m[0m iops_wr_concurrent   = 0
          [32m+[0m[0m linked_disk_id       = (known after apply)
          [32m+[0m[0m mbps_r_burst         = 0
          [32m+[0m[0m mbps_r_concurrent    = 0
          [32m+[0m[0m mbps_wr_burst        = 0
          [32m+[0m[0m mbps_wr_concurrent   = 0
          [32m+[0m[0m passthrough          = false
          [32m+[0m[0m size                 = "50G"
          [32m+[0m[0m slot                 = "scsi0"
          [32m+[0m[0m storage              = "local-lvm"
          [32m+[0m[0m type                 = "disk"
        }
      [32m+[0m[0m disk {
          [32m+[0m[0m backup               = true
          [32m+[0m[0m id                   = (known after apply)
          [32m+[0m[0m iops_r_burst         = 0
          [32m+[0m[0m iops_r_burst_length  = 0
          [32m+[0m[0m iops_r_concurrent    = 0
          [32m+[0m[0m iops_wr_burst        = 0
          [32m+[0m[0m iops_wr_burst_length = 0
          [32m+[0m[0m iops_wr_concurrent   = 0
          [32m+[0m[0m linked_disk_id       = (known after apply)
          [32m+[0m[0m mbps_r_burst         = 0
          [32m+[0m[0m mbps_r_concurrent    = 0
          [32m+[0m[0m mbps_wr_burst        = 0
          [32m+[0m[0m mbps_wr_concurrent   = 0
          [32m+[0m[0m passthrough          = false
          [32m+[0m[0m size                 = (known after apply)
          [32m+[0m[0m slot                 = "ide2"
          [32m+[0m[0m storage              = "local-lvm"
          [32m+[0m[0m type                 = "cloudinit"
        }

      [32m+[0m[0m network {
          [32m+[0m[0m bridge    = "vmbr0"
          [32m+[0m[0m firewall  = false
          [32m+[0m[0m id        = 0
          [32m+[0m[0m link_down = false
          [32m+[0m[0m macaddr   = (known after apply)
          [32m+[0m[0m model     = "virtio"
        }

      [32m+[0m[0m smbios (known after apply)
    }

[1m  # proxmox_vm_qemu.k8s_workers["worker-2"][0m will be created
[0m  [32m+[0m[0m resource "proxmox_vm_qemu" "k8s_workers" {
      [32m+[0m[0m additional_wait        = 5
      [32m+[0m[0m agent                  = 1
      [32m+[0m[0m agent_timeout          = 90
      [32m+[0m[0m automatic_reboot       = true
      [32m+[0m[0m balloon                = 0
      [32m+[0m[0m bios                   = "seabios"
      [32m+[0m[0m boot                   = "c"
      [32m+[0m[0m bootdisk               = (known after apply)
      [32m+[0m[0m cipassword             = (sensitive value)
      [32m+[0m[0m ciupgrade              = false
      [32m+[0m[0m ciuser                 = "ubuntu"
      [32m+[0m[0m clone                  = "ubuntu-template"
      [32m+[0m[0m clone_wait             = 10
      [32m+[0m[0m current_node           = (known after apply)
      [32m+[0m[0m default_ipv4_address   = (known after apply)
      [32m+[0m[0m default_ipv6_address   = (known after apply)
      [32m+[0m[0m define_connection_info = true
      [32m+[0m[0m description            = "Managed by Terraform."
      [32m+[0m[0m force_create           = false
      [32m+[0m[0m full_clone             = true
      [32m+[0m[0m hotplug                = "network,disk,usb"
      [32m+[0m[0m id                     = (known after apply)
      [32m+[0m[0m ipconfig0              = "ip=10.110.188.22/24,gw=10.110.188.1"
      [32m+[0m[0m kvm                    = true
      [32m+[0m[0m linked_vmid            = (known after apply)
      [32m+[0m[0m memory                 = 8192
      [32m+[0m[0m name                   = "worker-2"
      [32m+[0m[0m onboot                 = false
      [32m+[0m[0m os_type                = "cloud-init"
      [32m+[0m[0m protection             = false
      [32m+[0m[0m reboot_required        = (known after apply)
      [32m+[0m[0m scsihw                 = "virtio-scsi-single"
      [32m+[0m[0m skip_ipv4              = false
      [32m+[0m[0m skip_ipv6              = false
      [32m+[0m[0m ssh_host               = (known after apply)
      [32m+[0m[0m ssh_port               = (known after apply)
      [32m+[0m[0m sshkeys                = <<-EOT
            ssh-rsa AAAAB3NzaC1yc2EAAAADAQABAAACAQCgsrXi1aeDVJGMtn9FH3zt1nv/qenpZTWakxo1CwEDxKqk97KmYIizF50JqQ7KNTPsLE1FarDjVQZnweo6zkqDQ3NSdiwJWJvgoPYn3MC8/LIdT38ojCWf8+SXbQhMUocuPOm69WaAh+SGWkFwDV6FgKHlvkSyk36Gg5pcCJu+xVHp1oNMfzHYf8See5Kh2mQtD+Zj+0mHcbjnsuZyEtr0H1gJq7LEnt1H1YcWPnJMxBGxMAjNwiZtHe/aYCZ3toOwfeuFt7ih/bjZt/LCgJTNxcn7+mCgZsY5ODuxG7zBXRTzwzQcuMIqaaFF44FGewf/JlIyZtnHbGWH+EFkVo5RVTud/1I3VzyTLLTc/klyMLM6s7VEZSPgREIyNdwrlIBuUIxLoP6Yz4rkwAU/C5oZAxkaClzCzfHiKrNM1boYu4/CMPD98vv2OgSNdECUo06xJMbFoE+gaLGMijHMNwGcwfuQo6zB+Vula182zrr/bJN3qQS6mj3q34uqnXavg7cmj44tD8zxr0tcbXGEqNNpDYJJ34m9iuwi0DtzQBnyBWP4aKfeOwrKNTeroL3+l2C/VsMcWxOeKl5w8dCJcKi9e/QiLs0zvjfskpng6d2Q+2nORR/fO85z/NncB16V9ILXrxUw+4lYMs67QTJORNV5C/CZPN0rybwgzv1eGIvH1Q== firascherif100@gmail.com
        EOT
      [32m+[0m[0m tablet                 = true
      [32m+[0m[0m target_node            = "proxmox"
      [32m+[0m[0m unused_disk            = (known after apply)
      [32m+[0m[0m vm_state               = "running"
      [32m+[0m[0m vmid                   = 401

      [32m+[0m[0m cpu {
          [32m+[0m[0m cores   = 4
          [32m+[0m[0m limit   = 0
          [32m+[0m[0m numa    = false
          [32m+[0m[0m sockets = 1
          [32m+[0m[0m type    = "host"
          [32m+[0m[0m units   = 0
          [32m+[0m[0m vcores  = 0
        }

      [32m+[0m[0m disk {
          [32m+[0m[0m backup               = true
          [32m+[0m[0m id                   = (known after apply)
          [32m+[0m[0m iops_r_burst         = 0
          [32m+[0m[0m iops_r_burst_length  = 0
          [32m+[0m[0m iops_r_concurrent    = 0
          [32m+[0m[0m iops_wr_burst        = 0
          [32m+[0m[0m iops_wr_burst_length = 0
          [32m+[0m[0m iops_wr_concurrent   = 0
          [32m+[0m[0m linked_disk_id       = (known after apply)
          [32m+[0m[0m mbps_r_burst         = 0
          [32m+[0m[0m mbps_r_concurrent    = 0
          [32m+[0m[0m mbps_wr_burst        = 0
          [32m+[0m[0m mbps_wr_concurrent   = 0
          [32m+[0m[0m passthrough          = false
          [32m+[0m[0m size                 = "50G"
          [32m+[0m[0m slot                 = "scsi0"
          [32m+[0m[0m storage              = "local-lvm"
          [32m+[0m[0m type                 = "disk"
        }
      [32m+[0m[0m disk {
          [32m+[0m[0m backup               = true
          [32m+[0m[0m id                   = (known after apply)
          [32m+[0m[0m iops_r_burst         = 0
          [32m+[0m[0m iops_r_burst_length  = 0
          [32m+[0m[0m iops_r_concurrent    = 0
          [32m+[0m[0m iops_wr_burst        = 0
          [32m+[0m[0m iops_wr_burst_length = 0
          [32m+[0m[0m iops_wr_concurrent   = 0
          [32m+[0m[0m linked_disk_id       = (known after apply)
          [32m+[0m[0m mbps_r_burst         = 0
          [32m+[0m[0m mbps_r_concurrent    = 0
          [32m+[0m[0m mbps_wr_burst        = 0
          [32m+[0m[0m mbps_wr_concurrent   = 0
          [32m+[0m[0m passthrough          = false
          [32m+[0m[0m size                 = (known after apply)
          [32m+[0m[0m slot                 = "ide2"
          [32m+[0m[0m storage              = "local-lvm"
          [32m+[0m[0m type                 = "cloudinit"
        }

      [32m+[0m[0m network {
          [32m+[0m[0m bridge    = "vmbr0"
          [32m+[0m[0m firewall  = false
          [32m+[0m[0m id        = 0
          [32m+[0m[0m link_down = false
          [32m+[0m[0m macaddr   = (known after apply)
          [32m+[0m[0m model     = "virtio"
        }

      [32m+[0m[0m smbios (known after apply)
    }

[1m  # proxmox_vm_qemu.nfs_server[0][0m will be created
[0m  [32m+[0m[0m resource "proxmox_vm_qemu" "nfs_server" {
      [32m+[0m[0m additional_wait        = 5
      [32m+[0m[0m agent                  = 1
      [32m+[0m[0m agent_timeout          = 90
      [32m+[0m[0m automatic_reboot       = true
      [32m+[0m[0m balloon                = 0
      [32m+[0m[0m bios                   = "seabios"
      [32m+[0m[0m boot                   = "c"
      [32m+[0m[0m bootdisk               = (known after apply)
      [32m+[0m[0m cipassword             = (sensitive value)
      [32m+[0m[0m ciupgrade              = false
      [32m+[0m[0m ciuser                 = "ubuntu"
      [32m+[0m[0m clone                  = "ubuntu-template"
      [32m+[0m[0m clone_wait             = 10
      [32m+[0m[0m current_node           = (known after apply)
      [32m+[0m[0m default_ipv4_address   = (known after apply)
      [32m+[0m[0m default_ipv6_address   = (known after apply)
      [32m+[0m[0m define_connection_info = true
      [32m+[0m[0m description            = "Managed by Terraform."
      [32m+[0m[0m force_create           = false
      [32m+[0m[0m full_clone             = true
      [32m+[0m[0m hotplug                = "network,disk,usb"
      [32m+[0m[0m id                     = (known after apply)
      [32m+[0m[0m ipconfig0              = "ip=10.110.188.80/24,gw=10.110.188.1"
      [32m+[0m[0m kvm                    = true
      [32m+[0m[0m linked_vmid            = (known after apply)
      [32m+[0m[0m memory                 = 8192
      [32m+[0m[0m name                   = "nfs-server"
      [32m+[0m[0m onboot                 = false
      [32m+[0m[0m os_type                = "cloud-init"
      [32m+[0m[0m protection             = false
      [32m+[0m[0m reboot_required        = (known after apply)
      [32m+[0m[0m scsihw                 = "virtio-scsi-single"
      [32m+[0m[0m skip_ipv4              = false
      [32m+[0m[0m skip_ipv6              = false
      [32m+[0m[0m ssh_host               = (known after apply)
      [32m+[0m[0m ssh_port               = (known after apply)
      [32m+[0m[0m sshkeys                = <<-EOT
            ssh-rsa AAAAB3NzaC1yc2EAAAADAQABAAACAQCgsrXi1aeDVJGMtn9FH3zt1nv/qenpZTWakxo1CwEDxKqk97KmYIizF50JqQ7KNTPsLE1FarDjVQZnweo6zkqDQ3NSdiwJWJvgoPYn3MC8/LIdT38ojCWf8+SXbQhMUocuPOm69WaAh+SGWkFwDV6FgKHlvkSyk36Gg5pcCJu+xVHp1oNMfzHYf8See5Kh2mQtD+Zj+0mHcbjnsuZyEtr0H1gJq7LEnt1H1YcWPnJMxBGxMAjNwiZtHe/aYCZ3toOwfeuFt7ih/bjZt/LCgJTNxcn7+mCgZsY5ODuxG7zBXRTzwzQcuMIqaaFF44FGewf/JlIyZtnHbGWH+EFkVo5RVTud/1I3VzyTLLTc/klyMLM6s7VEZSPgREIyNdwrlIBuUIxLoP6Yz4rkwAU/C5oZAxkaClzCzfHiKrNM1boYu4/CMPD98vv2OgSNdECUo06xJMbFoE+gaLGMijHMNwGcwfuQo6zB+Vula182zrr/bJN3qQS6mj3q34uqnXavg7cmj44tD8zxr0tcbXGEqNNpDYJJ34m9iuwi0DtzQBnyBWP4aKfeOwrKNTeroL3+l2C/VsMcWxOeKl5w8dCJcKi9e/QiLs0zvjfskpng6d2Q+2nORR/fO85z/NncB16V9ILXrxUw+4lYMs67QTJORNV5C/CZPN0rybwgzv1eGIvH1Q== firascherif100@gmail.com
        EOT
      [32m+[0m[0m tablet                 = true
      [32m+[0m[0m target_node            = "proxmox"
      [32m+[0m[0m unused_disk            = (known after apply)
      [32m+[0m[0m vm_state               = "running"
      [32m+[0m[0m vmid                   = 200

      [32m+[0m[0m cpu {
          [32m+[0m[0m cores   = 1
          [32m+[0m[0m limit   = 0
          [32m+[0m[0m numa    = false
          [32m+[0m[0m sockets = 1
          [32m+[0m[0m type    = "host"
          [32m+[0m[0m units   = 0
          [32m+[0m[0m vcores  = 0
        }

      [32m+[0m[0m disk {
          [32m+[0m[0m backup               = true
          [32m+[0m[0m id                   = (known after apply)
          [32m+[0m[0m iops_r_burst         = 0
          [32m+[0m[0m iops_r_burst_length  = 0
          [32m+[0m[0m iops_r_concurrent    = 0
          [32m+[0m[0m iops_wr_burst        = 0
          [32m+[0m[0m iops_wr_burst_length = 0
          [32m+[0m[0m iops_wr_concurrent   = 0
          [32m+[0m[0m linked_disk_id       = (known after apply)
          [32m+[0m[0m mbps_r_burst         = 0
          [32m+[0m[0m mbps_r_concurrent    = 0
          [32m+[0m[0m mbps_wr_burst        = 0
          [32m+[0m[0m mbps_wr_concurrent   = 0
          [32m+[0m[0m passthrough          = false
          [32m+[0m[0m size                 = "100G"
          [32m+[0m[0m slot                 = "scsi0"
          [32m+[0m[0m storage              = "local-lvm"
          [32m+[0m[0m type                 = "disk"
        }
      [32m+[0m[0m disk {
          [32m+[0m[0m backup               = true
          [32m+[0m[0m id                   = (known after apply)
          [32m+[0m[0m iops_r_burst         = 0
          [32m+[0m[0m iops_r_burst_length  = 0
          [32m+[0m[0m iops_r_concurrent    = 0
          [32m+[0m[0m iops_wr_burst        = 0
          [32m+[0m[0m iops_wr_burst_length = 0
          [32m+[0m[0m iops_wr_concurrent   = 0
          [32m+[0m[0m linked_disk_id       = (known after apply)
          [32m+[0m[0m mbps_r_burst         = 0
          [32m+[0m[0m mbps_r_concurrent    = 0
          [32m+[0m[0m mbps_wr_burst        = 0
          [32m+[0m[0m mbps_wr_concurrent   = 0
          [32m+[0m[0m passthrough          = false
          [32m+[0m[0m size                 = (known after apply)
          [32m+[0m[0m slot                 = "ide2"
          [32m+[0m[0m storage              = "local-lvm"
          [32m+[0m[0m type                 = "cloudinit"
        }

      [32m+[0m[0m network {
          [32m+[0m[0m bridge    = "vmbr0"
          [32m+[0m[0m firewall  = false
          [32m+[0m[0m id        = 0
          [32m+[0m[0m link_down = false
          [32m+[0m[0m macaddr   = (known after apply)
          [32m+[0m[0m model     = "virtio"
        }

      [32m+[0m[0m smbios (known after apply)
    }

[1mPlan:[0m 8 to add, 0 to change, 0 to destroy.
[0m
Changes to Outputs:
  [32m+[0m[0m all_vm_ips   = {
      [32m+[0m[0m haproxy-0 = (known after apply)
      [32m+[0m[0m harbor-0  = (known after apply)
      [32m+[0m[0m master-1  = (known after apply)
      [32m+[0m[0m master-2  = (known after apply)
      [32m+[0m[0m master-3  = (known after apply)
      [32m+[0m[0m nfs-0     = (known after apply)
      [32m+[0m[0m worker-1  = (known after apply)
      [32m+[0m[0m worker-2  = (known after apply)
    }
  [32m+[0m[0m worker_count = 2
  [32m+[0m[0m workers_ips  = {
      [32m+[0m[0m worker-1 = (known after apply)
      [32m+[0m[0m worker-2 = (known after apply)
    }
[0m[1mproxmox_vm_qemu.haproxy[0]: Creating...[0m[0m
[0m[1mproxmox_vm_qemu.k8s_masters["master-1"]: Creating...[0m[0m
[0m[1mproxmox_vm_qemu.nfs_server[0]: Creating...[0m[0m
[0m[1mproxmox_vm_qemu.k8s_masters["master-3"]: Creating...[0m[0m
[0m[1mproxmox_vm_qemu.k8s_workers["worker-1"]: Creating...[0m[0m
[0m[1mproxmox_vm_qemu.k8s_masters["master-2"]: Creating...[0m[0m
[0m[1mproxmox_vm_qemu.harbor[0]: Creating...[0m[0m
[0m[1mproxmox_vm_qemu.k8s_workers["worker-2"]: Creating...[0m[0m
[0m[1mproxmox_vm_qemu.k8s_workers["worker-2"]: Still creating... [00m10s elapsed][0m[0m
[0m[1mproxmox_vm_qemu.k8s_masters["master-3"]: Still creating... [00m10s elapsed][0m[0m
[0m[1mproxmox_vm_qemu.k8s_masters["master-2"]: Still creating... [00m10s elapsed][0m[0m
[0m[1mproxmox_vm_qemu.harbor[0]: Still creating... [00m10s elapsed][0m[0m
[0m[1mproxmox_vm_qemu.nfs_server[0]: Still creating... [00m10s elapsed][0m[0m
[0m[1mproxmox_vm_qemu.k8s_workers["worker-1"]: Still creating... [00m10s elapsed][0m[0m
[0m[1mproxmox_vm_qemu.haproxy[0]: Still creating... [00m10s elapsed][0m[0m
[0m[1mproxmox_vm_qemu.k8s_masters["master-1"]: Still creating... [00m10s elapsed][0m[0m
[0m[1mproxmox_vm_qemu.k8s_workers["worker-1"]: Still creating... [00m18s elapsed][0m[0m
[0m[1mproxmox_vm_qemu.k8s_masters["master-3"]: Still creating... [00m18s elapsed][0m[0m
[0m[1mproxmox_vm_qemu.k8s_workers["worker-2"]: Still creating... [00m18s elapsed][0m[0m
[0m[1mproxmox_vm_qemu.harbor[0]: Still creating... [00m18s elapsed][0m[0m
[0m[1mproxmox_vm_qemu.haproxy[0]: Still creating... [00m18s elapsed][0m[0m
[0m[1mproxmox_vm_qemu.k8s_masters["master-2"]: Still creating... [00m18s elapsed][0m[0m
[0m[1mproxmox_vm_qemu.nfs_server[0]: Still creating... [00m18s elapsed][0m[0m
[0m[1mproxmox_vm_qemu.k8s_masters["master-1"]: Still creating... [00m18s elapsed][0m[0m
[0m[1mproxmox_vm_qemu.k8s_masters["master-1"]: Still creating... [00m28s elapsed][0m[0m
[0m[1mproxmox_vm_qemu.nfs_server[0]: Still creating... [00m28s elapsed][0m[0m
[0m[1mproxmox_vm_qemu.k8s_workers["worker-1"]: Still creating... [00m28s elapsed][0m[0m
[0m[1mproxmox_vm_qemu.k8s_masters["master-3"]: Still creating... [00m28s elapsed][0m[0m
[0m[1mproxmox_vm_qemu.k8s_workers["worker-2"]: Still creating... [00m28s elapsed][0m[0m
[0m[1mproxmox_vm_qemu.harbor[0]: Still creating... [00m28s elapsed][0m[0m
[0m[1mproxmox_vm_qemu.k8s_masters["master-2"]: Still creating... [00m28s elapsed][0m[0m
[0m[1mproxmox_vm_qemu.haproxy[0]: Still creating... [00m28s elapsed][0m[0m
[0m[1mproxmox_vm_qemu.haproxy[0]: Still creating... [00m38s elapsed][0m[0m
[0m[1mproxmox_vm_qemu.k8s_workers["worker-1"]: Still creating... [00m38s elapsed][0m[0m
[0m[1mproxmox_vm_qemu.k8s_masters["master-1"]: Still creating... [00m38s elapsed][0m[0m
[0m[1mproxmox_vm_qemu.nfs_server[0]: Still creating... [00m38s elapsed][0m[0m
[0m[1mproxmox_vm_qemu.k8s_workers["worker-2"]: Still creating... [00m38s elapsed][0m[0m
[0m[1mproxmox_vm_qemu.k8s_masters["master-3"]: Still creating... [00m38s elapsed][0m[0m
[0m[1mproxmox_vm_qemu.k8s_masters["master-2"]: Still creating... [00m38s elapsed][0m[0m
[0m[1mproxmox_vm_qemu.harbor[0]: Still creating... [00m38s elapsed][0m[0m
[0m[1mproxmox_vm_qemu.k8s_masters["master-2"]: Still creating... [00m45s elapsed][0m[0m
[0m[1mproxmox_vm_qemu.harbor[0]: Still creating... [00m45s elapsed][0m[0m
[0m[1mproxmox_vm_qemu.k8s_workers["worker-2"]: Still creating... [00m45s elapsed][0m[0m
[0m[1mproxmox_vm_qemu.k8s_masters["master-3"]: Still creating... [00m45s elapsed][0m[0m
[0m[1mproxmox_vm_qemu.nfs_server[0]: Still creating... [00m45s elapsed][0m[0m
[0m[1mproxmox_vm_qemu.haproxy[0]: Still creating... [00m45s elapsed][0m[0m
[0m[1mproxmox_vm_qemu.k8s_workers["worker-1"]: Still creating... [00m45s elapsed][0m[0m
[0m[1mproxmox_vm_qemu.k8s_masters["master-1"]: Still creating... [00m45s elapsed][0m[0m
[0m[1mproxmox_vm_qemu.haproxy[0]: Creation complete after 49s [id=proxmox/qemu/100][0m
[0m[1mproxmox_vm_qemu.k8s_workers["worker-1"]: Still creating... [00m55s elapsed][0m[0m
[0m[1mproxmox_vm_qemu.k8s_masters["master-2"]: Still creating... [00m55s elapsed][0m[0m
[0m[1mproxmox_vm_qemu.k8s_workers["worker-2"]: Still creating... [00m55s elapsed][0m[0m
[0m[1mproxmox_vm_qemu.nfs_server[0]: Still creating... [00m55s elapsed][0m[0m
[0m[1mproxmox_vm_qemu.k8s_masters["master-3"]: Still creating... [00m55s elapsed][0m[0m
[0m[1mproxmox_vm_qemu.harbor[0]: Still creating... [00m55s elapsed][0m[0m
[0m[1mproxmox_vm_qemu.k8s_masters["master-1"]: Still creating... [00m55s elapsed][0m[0m
[0m[1mproxmox_vm_qemu.k8s_masters["master-1"]: Still creating... [01m05s elapsed][0m[0m
[0m[1mproxmox_vm_qemu.harbor[0]: Still creating... [01m05s elapsed][0m[0m
[0m[1mproxmox_vm_qemu.k8s_workers["worker-2"]: Still creating... [01m05s elapsed][0m[0m
[0m[1mproxmox_vm_qemu.nfs_server[0]: Still creating... [01m05s elapsed][0m[0m
[0m[1mproxmox_vm_qemu.k8s_workers["worker-1"]: Still creating... [01m05s elapsed][0m[0m
[0m[1mproxmox_vm_qemu.k8s_masters["master-3"]: Still creating... [01m05s elapsed][0m[0m
[0m[1mproxmox_vm_qemu.k8s_masters["master-2"]: Still creating... [01m05s elapsed][0m[0m
[0m[1mproxmox_vm_qemu.k8s_masters["master-2"]: Still creating... [01m15s elapsed][0m[0m
[0m[1mproxmox_vm_qemu.nfs_server[0]: Still creating... [01m15s elapsed][0m[0m
[0m[1mproxmox_vm_qemu.k8s_masters["master-3"]: Still creating... [01m15s elapsed][0m[0m
[0m[1mproxmox_vm_qemu.harbor[0]: Still creating... [01m15s elapsed][0m[0m
[0m[1mproxmox_vm_qemu.k8s_masters["master-1"]: Still creating... [01m15s elapsed][0m[0m
[0m[1mproxmox_vm_qemu.k8s_workers["worker-2"]: Still creating... [01m15s elapsed][0m[0m
[0m[1mproxmox_vm_qemu.k8s_workers["worker-1"]: Still creating... [01m15s elapsed][0m[0m
[0m[1mproxmox_vm_qemu.k8s_masters["master-1"]: Creation complete after 1m20s [id=proxmox/qemu/300][0m
[0m[1mproxmox_vm_qemu.k8s_workers["worker-2"]: Still creating... [01m23s elapsed][0m[0m
[0m[1mproxmox_vm_qemu.nfs_server[0]: Still creating... [01m23s elapsed][0m[0m
[0m[1mproxmox_vm_qemu.k8s_masters["master-3"]: Still creating... [01m23s elapsed][0m[0m
[0m[1mproxmox_vm_qemu.harbor[0]: Still creating... [01m23s elapsed][0m[0m
[0m[1mproxmox_vm_qemu.k8s_workers["worker-1"]: Still creating... [01m23s elapsed][0m[0m
[0m[1mproxmox_vm_qemu.k8s_masters["master-2"]: Still creating... [01m23s elapsed][0m[0m
[0m[1mproxmox_vm_qemu.k8s_workers["worker-1"]: Still creating... [01m33s elapsed][0m[0m
[0m[1mproxmox_vm_qemu.nfs_server[0]: Still creating... [01m33s elapsed][0m[0m
[0m[1mproxmox_vm_qemu.k8s_workers["worker-2"]: Still creating... [01m33s elapsed][0m[0m
[0m[1mproxmox_vm_qemu.k8s_masters["master-3"]: Still creating... [01m33s elapsed][0m[0m
[0m[1mproxmox_vm_qemu.harbor[0]: Still creating... [01m33s elapsed][0m[0m
[0m[1mproxmox_vm_qemu.k8s_masters["master-2"]: Still creating... [01m33s elapsed][0m[0m
[0m[1mproxmox_vm_qemu.harbor[0]: Still creating... [01m43s elapsed][0m[0m
[0m[1mproxmox_vm_qemu.k8s_workers["worker-1"]: Still creating... [01m43s elapsed][0m[0m
[0m[1mproxmox_vm_qemu.nfs_server[0]: Still creating... [01m43s elapsed][0m[0m
[0m[1mproxmox_vm_qemu.k8s_workers["worker-2"]: Still creating... [01m43s elapsed][0m[0m
[0m[1mproxmox_vm_qemu.k8s_masters["master-3"]: Still creating... [01m43s elapsed][0m[0m
[0m[1mproxmox_vm_qemu.k8s_masters["master-2"]: Still creating... [01m43s elapsed][0m[0m
[0m[1mproxmox_vm_qemu.k8s_workers["worker-1"]: Creation complete after 1m50s [id=proxmox/qemu/400][0m
[0m[1mproxmox_vm_qemu.k8s_masters["master-2"]: Still creating... [01m51s elapsed][0m[0m
[0m[1mproxmox_vm_qemu.k8s_workers["worker-2"]: Still creating... [01m51s elapsed][0m[0m
[0m[1mproxmox_vm_qemu.k8s_masters["master-3"]: Still creating... [01m51s elapsed][0m[0m
[0m[1mproxmox_vm_qemu.nfs_server[0]: Still creating... [01m51s elapsed][0m[0m
[0m[1mproxmox_vm_qemu.harbor[0]: Still creating... [01m51s elapsed][0m[0m
[0m[1mproxmox_vm_qemu.harbor[0]: Still creating... [02m01s elapsed][0m[0m
[0m[1mproxmox_vm_qemu.k8s_workers["worker-2"]: Still creating... [02m01s elapsed][0m[0m
[0m[1mproxmox_vm_qemu.k8s_masters["master-2"]: Still creating... [02m01s elapsed][0m[0m
[0m[1mproxmox_vm_qemu.k8s_masters["master-3"]: Still creating... [02m01s elapsed][0m[0m
[0m[1mproxmox_vm_qemu.nfs_server[0]: Still creating... [02m01s elapsed][0m[0m
[0m[1mproxmox_vm_qemu.k8s_masters["master-3"]: Still creating... [02m11s elapsed][0m[0m
[0m[1mproxmox_vm_qemu.harbor[0]: Still creating... [02m11s elapsed][0m[0m
[0m[1mproxmox_vm_qemu.k8s_masters["master-2"]: Still creating... [02m11s elapsed][0m[0m
[0m[1mproxmox_vm_qemu.nfs_server[0]: Still creating... [02m11s elapsed][0m[0m
[0m[1mproxmox_vm_qemu.k8s_workers["worker-2"]: Still creating... [02m11s elapsed][0m[0m
[0m[1mproxmox_vm_qemu.k8s_workers["worker-2"]: Still creating... [02m18s elapsed][0m[0m
[0m[1mproxmox_vm_qemu.harbor[0]: Still creating... [02m18s elapsed][0m[0m
[0m[1mproxmox_vm_qemu.k8s_masters["master-3"]: Still creating... [02m18s elapsed][0m[0m
[0m[1mproxmox_vm_qemu.k8s_masters["master-2"]: Still creating... [02m18s elapsed][0m[0m
[0m[1mproxmox_vm_qemu.nfs_server[0]: Still creating... [02m18s elapsed][0m[0m
[0m[1mproxmox_vm_qemu.harbor[0]: Creation complete after 2m20s [id=proxmox/qemu/500][0m
[0m[1mproxmox_vm_qemu.nfs_server[0]: Still creating... [02m28s elapsed][0m[0m
[0m[1mproxmox_vm_qemu.k8s_workers["worker-2"]: Still creating... [02m28s elapsed][0m[0m
[0m[1mproxmox_vm_qemu.k8s_masters["master-2"]: Still creating... [02m28s elapsed][0m[0m
[0m[1mproxmox_vm_qemu.k8s_masters["master-3"]: Still creating... [02m28s elapsed][0m[0m
[0m[1mproxmox_vm_qemu.k8s_masters["master-3"]: Still creating... [02m38s elapsed][0m[0m
[0m[1mproxmox_vm_qemu.k8s_masters["master-2"]: Still creating... [02m38s elapsed][0m[0m
[0m[1mproxmox_vm_qemu.nfs_server[0]: Still creating... [02m38s elapsed][0m[0m
[0m[1mproxmox_vm_qemu.k8s_workers["worker-2"]: Still creating... [02m38s elapsed][0m[0m
[0m[1mproxmox_vm_qemu.nfs_server[0]: Still creating... [02m46s elapsed][0m[0m
[0m[1mproxmox_vm_qemu.k8s_masters["master-2"]: Still creating... [02m46s elapsed][0m[0m
[0m[1mproxmox_vm_qemu.k8s_masters["master-3"]: Still creating... [02m46s elapsed][0m[0m
[0m[1mproxmox_vm_qemu.k8s_workers["worker-2"]: Still creating... [02m46s elapsed][0m[0m
[0m[1mproxmox_vm_qemu.k8s_masters["master-3"]: Creation complete after 2m50s [id=proxmox/qemu/302][0m
[0m[1mproxmox_vm_qemu.k8s_workers["worker-2"]: Still creating... [02m56s elapsed][0m[0m
[0m[1mproxmox_vm_qemu.k8s_masters["master-2"]: Still creating... [02m56s elapsed][0m[0m
[0m[1mproxmox_vm_qemu.nfs_server[0]: Still creating... [02m56s elapsed][0m[0m
[0m[1mproxmox_vm_qemu.nfs_server[0]: Still creating... [03m06s elapsed][0m[0m
[0m[1mproxmox_vm_qemu.k8s_workers["worker-2"]: Still creating... [03m06s elapsed][0m[0m
[0m[1mproxmox_vm_qemu.k8s_masters["master-2"]: Still creating... [03m06s elapsed][0m[0m
[0m[1mproxmox_vm_qemu.k8s_workers["worker-2"]: Still creating... [03m13s elapsed][0m[0m
[0m[1mproxmox_vm_qemu.k8s_masters["master-2"]: Still creating... [03m13s elapsed][0m[0m
[0m[1mproxmox_vm_qemu.nfs_server[0]: Still creating... [03m13s elapsed][0m[0m
[0m[1mproxmox_vm_qemu.k8s_masters["master-2"]: Creation complete after 3m22s [id=proxmox/qemu/301][0m
[0m[1mproxmox_vm_qemu.k8s_workers["worker-2"]: Still creating... [03m23s elapsed][0m[0m
[0m[1mproxmox_vm_qemu.nfs_server[0]: Still creating... [03m23s elapsed][0m[0m
[0m[1mproxmox_vm_qemu.nfs_server[0]: Still creating... [03m33s elapsed][0m[0m
[0m[1mproxmox_vm_qemu.k8s_workers["worker-2"]: Still creating... [03m33s elapsed][0m[0m
[0m[1mproxmox_vm_qemu.k8s_workers["worker-2"]: Still creating... [03m43s elapsed][0m[0m
[0m[1mproxmox_vm_qemu.nfs_server[0]: Still creating... [03m43s elapsed][0m[0m
[0m[1mproxmox_vm_qemu.nfs_server[0]: Still creating... [03m51s elapsed][0m[0m
[0m[1mproxmox_vm_qemu.k8s_workers["worker-2"]: Still creating... [03m51s elapsed][0m[0m
[0m[1mproxmox_vm_qemu.nfs_server[0]: Creation complete after 3m52s [id=proxmox/qemu/200][0m
[0m[1mproxmox_vm_qemu.k8s_workers["worker-2"]: Still creating... [04m01s elapsed][0m[0m
[0m[1mproxmox_vm_qemu.k8s_workers["worker-2"]: Still creating... [04m11s elapsed][0m[0m
[0m[1mproxmox_vm_qemu.k8s_workers["worker-2"]: Still creating... [04m18s elapsed][0m[0m
[0m[1mproxmox_vm_qemu.k8s_workers["worker-2"]: Creation complete after 4m22s [id=proxmox/qemu/401][0m
[0m[1m[32m
Apply complete! Resources: 8 added, 0 changed, 0 destroyed.
[0m[0m[1m[32m
Outputs:

[0mall_vm_ips = {
  "haproxy-0" = "10.110.188.99"
  "harbor-0" = "10.110.188.77"
  "master-1" = "10.110.188.11"
  "master-2" = "10.110.188.12"
  "master-3" = "10.110.188.13"
  "nfs-0" = "10.110.188.80"
  "worker-1" = "10.110.188.21"
  "worker-2" = "10.110.188.22"
}
worker_count = 2
workers_ips = {
  "worker-1" = "10.110.188.21"
  "worker-2" = "10.110.188.22"
}
Done with Terraform apply.
Waiting 60 seconds for VMs to finish booting...
Step 2: Run Ansible deploy.yml

PLAY [Sleep before deployment] *************************************************

TASK [Gathering Facts] *********************************************************
ok: [localhost]

TASK [pause] *******************************************************************
Pausing for 60 seconds
(ctrl+C then 'C' = continue early, ctrl+C then 'A' = abort)
ok: [localhost]

PLAY [Deploy HAProxy] **********************************************************

TASK [Gathering Facts] *********************************************************
ok: [haproxy]

TASK [Include HAProxy role if group exists] ************************************

TASK [haproxy : Update package cache and fix broken dependencies] **************
changed: [haproxy]

TASK [haproxy : Install haproxy] ***********************************************
changed: [haproxy]

TASK [haproxy : Configure haproxy for Kubernetes API] **************************
changed: [haproxy]

TASK [haproxy : Restart haproxy] ***********************************************
changed: [haproxy]

PLAY [Prepare and install Kubernetes] ******************************************

TASK [Gathering Facts] *********************************************************
ok: [master-1]
ok: [master-2]
ok: [master-3]
ok: [worker-1]
ok: [worker-2]

TASK [k8s_common : Update package cache and fix broken dependencies] ***********
changed: [master-1]
changed: [worker-1]
changed: [master-2]
changed: [worker-2]
changed: [master-3]

TASK [k8s_common : Install NFS client] *****************************************
changed: [worker-2]
changed: [master-1]
changed: [worker-1]
changed: [master-3]
changed: [master-2]

TASK [k8s_common : Ensure systemd-resolved config directory exists] ************
changed: [master-3]
changed: [master-2]
changed: [master-1]
changed: [worker-1]
changed: [worker-2]

TASK [k8s_common : Disable swap] ***********************************************
changed: [master-2]
changed: [master-3]
changed: [master-1]
changed: [worker-2]
changed: [worker-1]

TASK [k8s_common : Load required kernel modules] *******************************
changed: [master-2]
changed: [master-3]
changed: [master-1]
changed: [worker-1]
changed: [worker-2]

TASK [k8s_common : Apply kernel modules] ***************************************
changed: [master-2]
changed: [master-1]
changed: [master-3]
changed: [worker-1]
changed: [worker-2]

TASK [k8s_common : Set sysctl params] ******************************************
changed: [worker-1]
changed: [master-1]
changed: [master-2]
changed: [worker-2]
changed: [master-3]

TASK [k8s_common : Apply sysctl settings] **************************************
changed: [master-2]
changed: [master-1]
changed: [master-3]
changed: [worker-1]
changed: [worker-2]

TASK [k8s_common : Add Kubernetes GPG key] *************************************
changed: [master-2]
changed: [worker-1]
changed: [worker-2]
changed: [master-3]
changed: [master-1]

TASK [k8s_common : Add Kubernetes apt repository] ******************************
changed: [master-2]
changed: [master-1]
changed: [master-3]
changed: [worker-2]
changed: [worker-1]

TASK [k8s_common : Install prerequisites] **************************************
changed: [worker-1]
changed: [master-3]
changed: [master-1]
changed: [master-2]
changed: [worker-2]

TASK [k8s_common : Create CRI-O keyring directory] *****************************
ok: [master-1]
ok: [master-2]
ok: [worker-2]
ok: [worker-1]
ok: [master-3]

TASK [k8s_common : Add CRI-O apt key] ******************************************
changed: [master-3]
changed: [worker-1]
changed: [master-1]
changed: [master-2]
changed: [worker-2]

TASK [k8s_common : Add CRI-O repo] *********************************************
changed: [master-2]
changed: [master-1]
changed: [master-3]
changed: [worker-1]
changed: [worker-2]

TASK [k8s_common : Install CRI-O] **********************************************
changed: [master-3]
changed: [worker-2]
changed: [worker-1]
changed: [master-2]
changed: [master-1]

TASK [k8s_common : Enable and start CRI-O service] *****************************
changed: [master-1]
changed: [master-3]
changed: [worker-2]
changed: [master-2]
changed: [worker-1]

TASK [k8s_common : Add Kubernetes apt key] *************************************
ok: [master-1]
ok: [master-3]
ok: [master-2]
ok: [worker-1]
ok: [worker-2]

TASK [k8s_common : Add Kubernetes repo] ****************************************
ok: [master-3]
ok: [master-1]
ok: [master-2]
ok: [worker-1]
ok: [worker-2]

TASK [k8s_common : Install kubelet, kubeadm, kubectl] **************************
changed: [worker-1]
changed: [master-3]
changed: [worker-2]
changed: [master-2]
changed: [master-1]

TASK [k8s_common : Install jq (optional but used in scripts)] ******************
changed: [master-2]
changed: [worker-1]
changed: [master-3]
changed: [master-1]
changed: [worker-2]

TASK [k8s_common : Hold kube packages] *****************************************
changed: [master-1] => (item=kubelet)
changed: [worker-1] => (item=kubelet)
changed: [master-2] => (item=kubelet)
changed: [worker-2] => (item=kubelet)
changed: [master-3] => (item=kubelet)
changed: [master-2] => (item=kubeadm)
changed: [master-3] => (item=kubeadm)
changed: [master-1] => (item=kubeadm)
changed: [worker-1] => (item=kubeadm)
changed: [worker-2] => (item=kubeadm)
changed: [worker-1] => (item=kubectl)
changed: [master-2] => (item=kubectl)
changed: [master-1] => (item=kubectl)
changed: [master-3] => (item=kubectl)
changed: [worker-2] => (item=kubectl)
changed: [worker-1] => (item=cri-o)
changed: [master-2] => (item=cri-o)
changed: [master-1] => (item=cri-o)
changed: [worker-2] => (item=cri-o)
changed: [master-3] => (item=cri-o)

PLAY [Initialize first master] *************************************************

TASK [Gathering Facts] *********************************************************
ok: [master-1]

TASK [k8s_master : Stop kubelet service] ***************************************
changed: [master-1]

TASK [k8s_master : Kill kube-apiserver and other Kubernetes control plane processes] ***
changed: [master-1]

TASK [k8s_master : Stop container runtime (crio)] ******************************
changed: [master-1]

TASK [k8s_master : Reset any previous kubeadm state (cleanup)] *****************
changed: [master-1]

TASK [k8s_master : Remove kube manifests (if any)] *****************************
ok: [master-1] => (item=/etc/kubernetes/manifests/kube-apiserver.yaml)
ok: [master-1] => (item=/etc/kubernetes/manifests/kube-controller-manager.yaml)
ok: [master-1] => (item=/etc/kubernetes/manifests/kube-scheduler.yaml)
ok: [master-1] => (item=/etc/kubernetes/manifests/etcd.yaml)

TASK [k8s_master : Remove etcd data directory] *********************************
ok: [master-1]

TASK [k8s_master : Kill process using port 10257] ******************************
changed: [master-1]

TASK [k8s_master : Enable and start crio] **************************************
changed: [master-1]

TASK [k8s_master : Enable and start kubelet] ***********************************
changed: [master-1]

TASK [k8s_master : Initialize Kubernetes master via HAProxy] *******************
changed: [master-1]

TASK [k8s_master : Initialize Kubernetes master (no HAProxy)] ******************
skipping: [master-1]

TASK [k8s_master : Create .kube directory] *************************************
changed: [master-1]

TASK [k8s_master : Copy admin.conf] ********************************************
changed: [master-1]

TASK [k8s_master : Install Flannel CNI] ****************************************
changed: [master-1]

TASK [k8s_master : Extract worker join command] ********************************
changed: [master-1]

TASK [k8s_master : Save worker join command to file] ***************************
changed: [master-1]

TASK [k8s_master : Generate control-plane join command] ************************
changed: [master-1]

TASK [k8s_master : Save control-plane join command] ****************************
changed: [master-1]

PLAY [Join other masters] ******************************************************

TASK [Gathering Facts] *********************************************************
ok: [master-2]
ok: [master-3]

TASK [k8s_master_join : Reset any previous kubeadm state] **********************
changed: [master-3]
changed: [master-2]

TASK [k8s_master_join : Fetch control-plane join command from master-1] ********
ok: [master-2 -> master-1(10.110.188.11)]
ok: [master-3 -> master-1(10.110.188.11)]

TASK [k8s_master_join : Decode and save join command] **************************
changed: [master-3]
changed: [master-2]

TASK [k8s_master_join : Run join command for control-plane] ********************
changed: [master-2]
changed: [master-3]

PLAY [Join worker nodes] *******************************************************

TASK [Gathering Facts] *********************************************************
ok: [worker-1]
ok: [worker-2]

TASK [k8s_worker : Reset Kubernetes on worker node] ****************************
changed: [worker-1]
changed: [worker-2]

TASK [k8s_worker : Clean leftover Kubernetes files] ****************************
ok: [worker-1] => (item=/etc/kubernetes/pki)
ok: [worker-2] => (item=/etc/kubernetes/pki)
ok: [worker-1] => (item=/etc/kubernetes/kubelet.conf)
ok: [worker-2] => (item=/etc/kubernetes/kubelet.conf)
changed: [worker-1] => (item=/etc/kubernetes/manifests)
changed: [worker-2] => (item=/etc/kubernetes/manifests)

TASK [k8s_worker : Ensure master host variable exists] *************************
ok: [worker-1] => {
    "changed": false,
    "msg": "All assertions passed"
}
ok: [worker-2] => {
    "changed": false,
    "msg": "All assertions passed"
}

TASK [k8s_worker : Fetch join command from master (slurp)] *********************
ok: [worker-2 -> master-1(10.110.188.11)]
ok: [worker-1 -> master-1(10.110.188.11)]

TASK [k8s_worker : Decode and save join command] *******************************
changed: [worker-2]
changed: [worker-1]

TASK [k8s_worker : Run join command] *******************************************
changed: [worker-2]
changed: [worker-1]

TASK [k8s_worker : Wait for cluster setup to complete] *************************
Pausing for 60 seconds
(ctrl+C then 'C' = continue early, ctrl+C then 'A' = abort)
[k8s_worker : Wait for cluster setup to complete]
Waiting 60 seconds for cluster setup:
ok: [worker-1]

PLAY [Deploy metrics-server] ***************************************************

TASK [Gathering Facts] *********************************************************
ok: [master-1]

TASK [metrics_server : Deploy metrics-server] **********************************
changed: [master-1]

TASK [metrics_server : Patch metrics-server deployment to allow insecure TLS] ***
changed: [master-1]

TASK [metrics_server : Wait for metrics-server to be ready] ********************
changed: [master-1]

PLAY [Deploy NFS server] *******************************************************

TASK [Gathering Facts] *********************************************************
ok: [nfs]

TASK [Include NFS role if group exists] ****************************************

TASK [nfs : Update package cache and fix broken dependencies] ******************
changed: [nfs]

TASK [nfs : Install NFS server] ************************************************
changed: [nfs]

TASK [nfs : Create export directory] *******************************************
changed: [nfs]

TASK [nfs : Create export directory] *******************************************
changed: [nfs]

TASK [nfs : Create base directory for user homes] ******************************
changed: [nfs]

TASK [nfs : Configure NFS exports] *********************************************
changed: [nfs]

TASK [nfs : Export the shared directories] *************************************
changed: [nfs]

TASK [nfs : Restart NFS service] ***********************************************
changed: [nfs]

PLAY [Deploy Harbor] ***********************************************************

TASK [Gathering Facts] *********************************************************
ok: [harbor]

TASK [Include Harbor role if group exists] *************************************

TASK [harbor : Update package cache and fix broken dependencies] ***************
changed: [harbor]

TASK [harbor : Install Docker and Docker Compose] ******************************
changed: [harbor]

TASK [harbor : Create Harbor directory] ****************************************
changed: [harbor]

TASK [harbor : Download Harbor installer (offline)] ****************************
changed: [harbor]

TASK [harbor : Extract Harbor installer] ***************************************
changed: [harbor]

TASK [harbor : Template harbor.yml] ********************************************
changed: [harbor]

TASK [harbor : Ensure Harbor parent directory exists and is root-owned] ********
ok: [harbor]

TASK [harbor : Ensure Harbor subdirectory is root-owned] ***********************
ok: [harbor]

TASK [harbor : Run Harbor install.sh] ******************************************
changed: [harbor]

TASK [harbor : Configure Docker to trust insecure Harbor registry] *************
changed: [harbor]

RUNNING HANDLER [harbor : Restart Docker] **************************************
changed: [harbor]

PLAY [Deploy Prometheus & Grafana using Helm] **********************************

TASK [Gathering Facts] *********************************************************
ok: [master-1]

TASK [monitoring : Ensure helm is installed] ***********************************
fatal: [master-1]: FAILED! => {"changed": false, "cmd": "helm version", "failed_when_result": true, "msg": "[Errno 2] No such file or directory: b'helm'", "rc": 2, "stderr": "", "stderr_lines": [], "stdout": "", "stdout_lines": []}
...ignoring

TASK [monitoring : Install helm (if not installed)] ****************************
changed: [master-1]

TASK [monitoring : Ensure pip3 is installed] ***********************************
changed: [master-1]

TASK [monitoring : Install Python Kubernetes client] ***************************
changed: [master-1]

TASK [monitoring : Create monitoring namespace] ********************************
changed: [master-1]

TASK [monitoring : Add prometheus-community helm repo] *************************
changed: [master-1]

TASK [monitoring : Update helm repo] *******************************************
changed: [master-1]

TASK [monitoring : Copy values.yaml to k8s-master-1] ***************************
changed: [master-1]

TASK [monitoring : Deploy kube-prometheus-stack via Helm (command workaround)] ***
changed: [master-1]

PLAY [Deploy JupyterHub] *******************************************************

TASK [Gathering Facts] *********************************************************
ok: [master-1]

TASK [Run JupyterHub role on first master only] ********************************

TASK [jupyterhub : Add Helm repo for JupyterHub] *******************************
changed: [master-1]

TASK [jupyterhub : Update Helm repos] ******************************************
changed: [master-1]

TASK [jupyterhub : Ensure JupyterHub namespace exists] *************************
changed: [master-1]

TASK [jupyterhub : Apply PersistentVolume for NFS] *****************************
ok: [master-1]

TASK [jupyterhub : Create PersistentVolume] ************************************
changed: [master-1]

TASK [jupyterhub : Apply PersistentVolume for hub-db NFS] **********************
ok: [master-1]

TASK [jupyterhub : Create PersistentVolume for hub-db] *************************
changed: [master-1]

TASK [jupyterhub : Apply PersistentVolumeClaim for NFS] ************************
ok: [master-1]

TASK [jupyterhub : Create PersistentVolumeClaim] *******************************
changed: [master-1]

TASK [jupyterhub : Apply PersistentVolumeClaim for hub-db] *********************
ok: [master-1]

TASK [jupyterhub : Create PersistentVolumeClaim for hub-db] ********************
changed: [master-1]

TASK [jupyterhub : Copy values.yml to master node] *****************************
changed: [master-1]

TASK [jupyterhub : Install JupyterHub with Helm] *******************************
changed: [master-1]

PLAY RECAP *********************************************************************
master-1                   : ok=14   changed=9    unreachable=0    failed=0    skipped=0    rescued=0    ignored=0   

Done with Ansible deploy.yml.
